src/app/(dashboard)/metas-pdd/page.tsx(40,20): error TS1005: ';' expected.
src/app/(dashboard)/metas-pdd/page.tsx(41,26): error TS1005: ';' expected.
src/app/(dashboard)/metas-pdd/page.tsx(42,32): error TS1005: ';' expected.
src/app/(dashboard)/metas-pdd/page.tsx(43,35): error TS1005: ';' expected.
src/app/(dashboard)/metas-pdd/page.tsx(44,38): error TS1005: ';' expected.
src/app/(dashboard)/metas-pdd/page.tsx(45,43): error TS1005: ';' expected.
src/app/(dashboard)/metas-pdd/page.tsx(46,5): error TS1109: Expression expected.
src/app/(dashboard)/metas-pdd/page.tsx(46,6): error TS1128: Declaration or statement expected.
src/app/(dashboard)/metas-pdd/page.tsx(332,1): error TS1128: Declaration or statement expected.
src/components/dashboard/AdminDashboard.tsx(132,19): error TS17002: Expected corresponding JSX closing tag for 'Card'.
src/components/dashboard/AdminDashboard.tsx(133,15): error TS17002: Expected corresponding JSX closing tag for 'div'.
src/components/dashboard/AdminDashboard.tsx(167,9): error TS1005: ')' expected.
src/components/dashboard/AdminDashboard.tsx(168,5): error TS1109: Expression expected.
